###############################################################################
#
# IAR ELF Linker V9.40.1.364/W64 for ARM                  10/Dec/2025  10:57:52
# Copyright 2007-2023 IAR Systems AB.
#
#    Output file  =  C:\lesson\roca\Release\Exe\roca.out
#    Map file     =  C:\lesson\roca\Release\List\roca.map
#    Command line =
#        -f C:\lesson\roca\Release\Exe\roca.out.rsp
#        (C:\lesson\roca\Release\Obj\common.o
#        C:\lesson\roca\Release\Obj\FreeRTOS_1129108015262781380.dir\croutine.o
#        C:\lesson\roca\Release\Obj\FreeRTOS_1129108015262781380.dir\event_groups.o
#        C:\lesson\roca\Release\Obj\Function_2001575203525341444.dir\fn_compa.o
#        C:\lesson\roca\Release\Obj\Function_2001575203525341444.dir\fn_contact.o
#        C:\lesson\roca\Release\Obj\Function_2001575203525341444.dir\fn_ecran.o
#        C:\lesson\roca\Release\Obj\FreeRTOS_1129108015262781380.dir\heap_3.o
#        C:\lesson\roca\Release\Obj\init.o
#        C:\lesson\roca\Release\Obj\interface.o
#        C:\lesson\roca\Release\Obj\FreeRTOS_1129108015262781380.dir\list.o
#        C:\lesson\roca\Release\Obj\main.o
#        C:\lesson\roca\Release\Obj\FreeRTOS_1129108015262781380.dir\port.o
#        C:\lesson\roca\Release\Obj\FreeRTOS_1129108015262781380.dir\portasm.o
#        C:\lesson\roca\Release\Obj\FreeRTOS_1129108015262781380.dir\queue.o
#        C:\lesson\roca\Release\Obj\CMSIS_13545061835669826545.dir\startup_stm32f103xb.o
#        C:\lesson\roca\Release\Obj\CMSIS_13545061835669826545.dir\system_stm32f1xx.o
#        C:\lesson\roca\Release\Obj\Task_2582146873539655353.dir\ta_compa.o
#        C:\lesson\roca\Release\Obj\Task_2582146873539655353.dir\ta_contact.o
#        C:\lesson\roca\Release\Obj\Task_2582146873539655353.dir\ta_ecran.o
#        C:\lesson\roca\Release\Obj\FreeRTOS_1129108015262781380.dir\tasks.o
#        C:\lesson\roca\Release\Obj\FreeRTOS_1129108015262781380.dir\timers.o
#        --no_out_extension -o C:\lesson\roca\Release\Exe\roca.out --map
#        C:\lesson\roca\Release\List\roca.map --config "C:\Program Files\IAR
#        Systems\Embedded Workbench 9.2\arm/config/linker/ST/stm32f103x8.icf"
#        --entry __iar_program_start --inline --vfe --text_out locale
#        --cpu=Cortex-M3 --fpu=None) --dependencies=n
#        C:\lesson\roca\Release\Exe\roca.out.iar_deps
#
###############################################################################

*******************************************************************************
*** RUNTIME MODEL ATTRIBUTES
***

CppFlavor       = *
__CPP_Runtime   = 1
__Heap_Handler  = Basic
__SystemLibrary = DLib
__dlib_version  = 6


*******************************************************************************
*** HEAP SELECTION
***

The basic heap was selected because --advanced_heap
was not specified and the application did not appear to
be primarily optimized for speed.


*******************************************************************************
*** PLACEMENT SUMMARY
***

"A0":  place at address 0x800'0000 { ro section .intvec };
"P1":  place in [from 0x800'0000 to 0x800'ffff] { ro };
define block CSTACK with size = 2K, alignment = 8 { };
define block HEAP with size = 2K, alignment = 8 { };
"P2":  place in [from 0x2000'0000 to 0x2000'4fff] {
          rw, block CSTACK, block HEAP };
initialize by copy { rw };

  Section            Kind         Address    Size  Object
  -------            ----         -------    ----  ------
"A0":                                        0xec
  .intvec            ro code   0x800'0000    0xec  startup_stm32f103xb.o [2]
                             - 0x800'00ec    0xec

"P1":                                      0x367c
  .text              ro code   0x800'00ec   0xb10  tasks.o [3]
  .text              ro code   0x800'0bfc    0x66  ABImemset.o [7]
  .text              ro code   0x800'0c62    0x30  heap_3.o [3]
  .text              ro code   0x800'0c92    0x7e  lz77_init_single.o [7]
  .text              ro code   0x800'0d10    0xcc  port.o [3]
  .text              ro code   0x800'0ddc   0x384  timers.o [3]
  .text              ro code   0x800'1160    0x84  list.o [3]
  .text              ro code   0x800'11e4   0x13c  heap0.o [6]
  .text              ro code   0x800'1320     0x4  heaptramp0.o [6]
  .text              ro code   0x800'1324    0x28  port.o [3]
  CODE               ro code   0x800'134c    0x88  portasm.o [3]
  .text              ro code   0x800'13d4   0x43e  queue.o [3]
  .text              ro code   0x800'1814     0x6  ABImemclr4.o [7]
  .text              ro code   0x800'181c    0x2c  xgetmemchunk.o [6]
  .text              ro code   0x800'1848    0xa6  ABImemcpy.o [7]
  .text              ro code   0x800'18f0    0x32  ABImemset48.o [7]
  .text              ro code   0x800'1924   0x928  fn_ecran.o [4]
  .text              ro code   0x800'224c    0x94  common.o [1]
  .text              ro code   0x800'22e0   0x460  ta_ecran.o [5]
  .text              ro code   0x800'2740   0x3b4  interface.o [1]
  .text              ro code   0x800'2af4   0x32c  init.o [1]
  .text              ro code   0x800'2e20   0x2c0  fn_contact.o [4]
  .rodata            const     0x800'30e0    0xb8  fn_ecran.o [4]
  .text              ro code   0x800'3198    0x68  main.o [1]
  .text              ro code   0x800'3200    0x58  system_stm32f1xx.o [2]
  .text              ro code   0x800'3258    0x38  zero_init3.o [7]
  .text              ro code   0x800'3290    0x28  data_init.o [7]
  .iar.init_table    const     0x800'32b8    0x20  - Linker created -
  .text              ro code   0x800'32d8    0x1e  cmain.o [7]
  .text              ro code   0x800'32f6     0x4  exit.o [6]
  .text              ro code   0x800'32fc     0xa  cexit.o [7]
  .text              ro code   0x800'3308     0xc  XXexit.o [7]
  .text              ro code   0x800'3314    0x1c  cstartup_M.o [7]
  .text              ro code   0x800'3330    0x10  startup_stm32f103xb.o [2]
  .text              ro code   0x800'3340     0xe  ta_compa.o [5]
  .text              ro code   0x800'334e     0xa  ta_contact.o [5]
  .rodata            const     0x800'3358     0x8  fn_ecran.o [4]
  .rodata            const     0x800'3360     0x8  fn_ecran.o [4]
  .rodata            const     0x800'3368     0x8  main.o [1]
  .rodata            const     0x800'3370     0x8  main.o [1]
  .rodata            const     0x800'3378     0x8  main.o [1]
  .rodata            const     0x800'3380     0x8  tasks.o [3]
  .rodata            const     0x800'3388     0x8  timers.o [3]
  .text              ro code   0x800'3390     0x4  startup_stm32f103xb.o [2]
  .text              ro code   0x800'3394     0x4  startup_stm32f103xb.o [2]
  .text              ro code   0x800'3398     0x4  startup_stm32f103xb.o [2]
  .text              ro code   0x800'339c     0x4  startup_stm32f103xb.o [2]
  .text              ro code   0x800'33a0     0x4  startup_stm32f103xb.o [2]
  .text              ro code   0x800'33a4     0x4  startup_stm32f103xb.o [2]
  .text              ro code   0x800'33a8     0x4  startup_stm32f103xb.o [2]
  .text              ro code   0x800'33ac     0x4  startup_stm32f103xb.o [2]
  .text              ro code   0x800'33b0     0x4  startup_stm32f103xb.o [2]
  .text              ro code   0x800'33b4     0x4  startup_stm32f103xb.o [2]
  .text              ro code   0x800'33b8     0x4  startup_stm32f103xb.o [2]
  .text              ro code   0x800'33bc     0x4  startup_stm32f103xb.o [2]
  .text              ro code   0x800'33c0     0x4  startup_stm32f103xb.o [2]
  .text              ro code   0x800'33c4     0x4  startup_stm32f103xb.o [2]
  .text              ro code   0x800'33c8     0x4  startup_stm32f103xb.o [2]
  .text              ro code   0x800'33cc     0x4  startup_stm32f103xb.o [2]
  .text              ro code   0x800'33d0     0x4  startup_stm32f103xb.o [2]
  .text              ro code   0x800'33d4     0x4  startup_stm32f103xb.o [2]
  .text              ro code   0x800'33d8     0x4  startup_stm32f103xb.o [2]
  .text              ro code   0x800'33dc     0x4  startup_stm32f103xb.o [2]
  .text              ro code   0x800'33e0     0x4  startup_stm32f103xb.o [2]
  .text              ro code   0x800'33e4     0x4  startup_stm32f103xb.o [2]
  .text              ro code   0x800'33e8     0x4  startup_stm32f103xb.o [2]
  .text              ro code   0x800'33ec     0x4  startup_stm32f103xb.o [2]
  .text              ro code   0x800'33f0     0x4  startup_stm32f103xb.o [2]
  .text              ro code   0x800'33f4     0x4  startup_stm32f103xb.o [2]
  .text              ro code   0x800'33f8     0x4  startup_stm32f103xb.o [2]
  .text              ro code   0x800'33fc     0x4  startup_stm32f103xb.o [2]
  .text              ro code   0x800'3400     0x4  startup_stm32f103xb.o [2]
  .text              ro code   0x800'3404     0x4  startup_stm32f103xb.o [2]
  .text              ro code   0x800'3408     0x4  startup_stm32f103xb.o [2]
  .text              ro code   0x800'340c     0x4  startup_stm32f103xb.o [2]
  .text              ro code   0x800'3410     0x4  startup_stm32f103xb.o [2]
  .text              ro code   0x800'3414     0x4  startup_stm32f103xb.o [2]
  .text              ro code   0x800'3418     0x4  startup_stm32f103xb.o [2]
  .text              ro code   0x800'341c     0x4  startup_stm32f103xb.o [2]
  .text              ro code   0x800'3420     0x4  startup_stm32f103xb.o [2]
  .text              ro code   0x800'3424     0x4  startup_stm32f103xb.o [2]
  .text              ro code   0x800'3428     0x4  startup_stm32f103xb.o [2]
  .text              ro code   0x800'342c     0x4  startup_stm32f103xb.o [2]
  .text              ro code   0x800'3430     0x4  startup_stm32f103xb.o [2]
  .text              ro code   0x800'3434     0x4  startup_stm32f103xb.o [2]
  .text              ro code   0x800'3438     0x4  startup_stm32f103xb.o [2]
  .text              ro code   0x800'343c     0x4  startup_stm32f103xb.o [2]
  .text              ro code   0x800'3440     0x4  startup_stm32f103xb.o [2]
  .text              ro code   0x800'3444     0x4  startup_stm32f103xb.o [2]
  .text              ro code   0x800'3448     0x4  startup_stm32f103xb.o [2]
  .text              ro code   0x800'344c     0x4  startup_stm32f103xb.o [2]
  .text              ro code   0x800'3450     0x4  startup_stm32f103xb.o [2]
  .rodata            const     0x800'3454     0x0  zero_init3.o [7]
  .rodata            const     0x800'3454     0x0  lz77_init_single.o [7]
  Initializer bytes  const     0x800'3454   0x314  <for P2-1>
                             - 0x800'3768  0x367c

"P2", part 1 of 3:                          0x4dc
  P2-1                        0x2000'0000   0x4dc  <Init block>
    .data            inited   0x2000'0000   0x468  fn_ecran.o [4]
    .data            inited   0x2000'0468     0x4  port.o [3]
    .data            inited   0x2000'046c    0x6c  ta_ecran.o [5]
    .data            inited   0x2000'04d8     0x4  tasks.o [3]
                            - 0x2000'04dc   0x4dc

"P2", part 2 of 3:                         0x1164
  .bss               zero     0x2000'04dc   0x500  common.o [1]
  .bss               zero     0x2000'09dc   0x2a0  fn_ecran.o [4]
  .bss               zero     0x2000'0c7c   0x200  tasks.o [3]
  .bss               zero     0x2000'0e7c   0x200  tasks.o [3]
  .bss               zero     0x2000'107c   0x100  common.o [1]
  .bss               zero     0x2000'117c    0xa0  timers.o [3]
  .bss               zero     0x2000'121c    0x8c  tasks.o [3]
  .bss               zero     0x2000'12a8    0x5c  timers.o [3]
  .bss               zero     0x2000'1304    0x50  tasks.o [3]
  .bss               zero     0x2000'1354    0x50  tasks.o [3]
  .bss               zero     0x2000'13a4    0x40  fn_contact.o [4]
  .bss               zero     0x2000'13e4    0x40  fn_contact.o [4]
  .bss               zero     0x2000'1424    0x40  interface.o [1]
  .bss               zero     0x2000'1464    0x40  interface.o [1]
  .bss               zero     0x2000'14a4    0x1c  tasks.o [3]
  .bss               zero     0x2000'14c0    0x1c  tasks.o [3]
  .bss               zero     0x2000'14dc    0x1c  tasks.o [3]
  .bss               zero     0x2000'14f8    0x1c  tasks.o [3]
  .bss               zero     0x2000'1514    0x1c  tasks.o [3]
  .bss               zero     0x2000'1530    0x1c  timers.o [3]
  .bss               zero     0x2000'154c    0x1c  timers.o [3]
  .bss               zero     0x2000'1568    0x18  fn_ecran.o [4]
  .bss               zero     0x2000'1580     0x8  heap0.o [6]
  .bss               zero     0x2000'1588     0x4  common.o [1]
  .bss               zero     0x2000'158c     0x4  common.o [1]
  .bss               zero     0x2000'1590     0x4  common.o [1]
  .bss               zero     0x2000'1594     0x4  common.o [1]
  .bss               zero     0x2000'1598     0x4  common.o [1]
  .bss               zero     0x2000'159c     0x4  common.o [1]
  .bss               zero     0x2000'15a0     0x4  common.o [1]
  .bss               zero     0x2000'15a4     0x4  common.o [1]
  .bss               zero     0x2000'15a8     0x4  common.o [1]
  .bss               zero     0x2000'15ac     0x4  common.o [1]
  .bss               zero     0x2000'15b0     0x4  common.o [1]
  .bss               zero     0x2000'15b4     0x4  common.o [1]
  .bss               zero     0x2000'15b8     0x4  common.o [1]
  .bss               zero     0x2000'15bc     0x4  common.o [1]
  .bss               zero     0x2000'15c0     0x4  common.o [1]
  .bss               zero     0x2000'15c4     0x4  common.o [1]
  .bss               zero     0x2000'15c8     0x4  common.o [1]
  .bss               zero     0x2000'15cc     0x4  common.o [1]
  .bss               zero     0x2000'15d0     0x4  common.o [1]
  .bss               zero     0x2000'15d4     0x4  common.o [1]
  .bss               zero     0x2000'15d8     0x4  common.o [1]
  .bss               zero     0x2000'15dc     0x4  ta_ecran.o [5]
  .bss               zero     0x2000'15e0     0x4  tasks.o [3]
  .bss               zero     0x2000'15e4     0x4  tasks.o [3]
  .bss               zero     0x2000'15e8     0x4  tasks.o [3]
  .bss               zero     0x2000'15ec     0x4  tasks.o [3]
  .bss               zero     0x2000'15f0     0x4  tasks.o [3]
  .bss               zero     0x2000'15f4     0x4  tasks.o [3]
  .bss               zero     0x2000'15f8     0x4  tasks.o [3]
  .bss               zero     0x2000'15fc     0x4  tasks.o [3]
  .bss               zero     0x2000'1600     0x4  tasks.o [3]
  .bss               zero     0x2000'1604     0x4  tasks.o [3]
  .bss               zero     0x2000'1608     0x4  tasks.o [3]
  .bss               zero     0x2000'160c     0x4  tasks.o [3]
  .bss               zero     0x2000'1610     0x4  tasks.o [3]
  .bss               zero     0x2000'1614     0x4  tasks.o [3]
  .bss               zero     0x2000'1618     0x4  tasks.o [3]
  .bss               zero     0x2000'161c     0x4  timers.o [3]
  .bss               zero     0x2000'1620     0x4  timers.o [3]
  .bss               zero     0x2000'1624     0x4  timers.o [3]
  .bss               zero     0x2000'1628     0x4  timers.o [3]
  .bss               zero     0x2000'162c     0x4  timers.o [3]
  .bss               zero     0x2000'1630     0x4  xgetmemchunk.o [6]
  .bss               zero     0x2000'1634     0x2  common.o [1]
  .bss               zero     0x2000'1636     0x2  interface.o [1]
  .bss               zero     0x2000'1638     0x2  ta_ecran.o [5]
  .bss               zero     0x2000'163a     0x2  ta_ecran.o [5]
  .bss               zero     0x2000'163c     0x1  ta_ecran.o [5]
                            - 0x2000'163d  0x1161

"P2", part 3 of 3:                         0x1000
  CSTACK                      0x2000'1640   0x800  <Block>
    CSTACK           uninit   0x2000'1640   0x800  <Block tail>
  HEAP                        0x2000'1e40   0x800  <Block>
    HEAP             uninit   0x2000'1e40   0x800  <Block tail>
                            - 0x2000'2640  0x1000

Unused ranges:

         From           To    Size
         ----           --    ----
   0x800'3768   0x800'ffff  0xc898
  0x2000'2640  0x2000'4fff  0x29c0


*******************************************************************************
*** INIT TABLE
***

          Address      Size
          -------      ----
Zero (__iar_zero_init3)
    1 destination range, total size 0x1161:
          0x2000'04dc  0x1161

Copy/lz77 (__iar_lz77_init_single3)
    1 source range, total size 0x314 (63% of destination):
           0x800'3454   0x314
    1 destination range, total size 0x4dc:
          0x2000'0000   0x4dc



*******************************************************************************
*** MODULE SUMMARY
***

    Module                 ro code  ro data  rw data
    ------                 -------  -------  -------
command line/config:
    ------------------------------------------------
    Total:

C:\lesson\roca\Release\Obj: [1]
    common.o                   148             1'622
    init.o                     812
    interface.o                948               130
    main.o                     104       24
    ------------------------------------------------
    Total:                   2'012       24    1'752

C:\lesson\roca\Release\Obj\CMSIS_13545061835669826545.dir: [2]
    startup_stm32f103xb.o      448
    system_stm32f1xx.o          88
    ------------------------------------------------
    Total:                     536

C:\lesson\roca\Release\Obj\FreeRTOS_1129108015262781380.dir: [3]
    heap_3.o                    48
    list.o                     132
    port.o                     244        3        4
    portasm.o                  136
    queue.o                  1'086
    tasks.o                  2'832       11    1'528
    timers.o                   900        8      328
    ------------------------------------------------
    Total:                   5'378       22    1'860

C:\lesson\roca\Release\Obj\Function_2001575203525341444.dir: [4]
    fn_contact.o               704               128
    fn_ecran.o               2'344      914    1'824
    ------------------------------------------------
    Total:                   3'048      914    1'952

C:\lesson\roca\Release\Obj\Task_2582146873539655353.dir: [5]
    ta_compa.o                  14
    ta_contact.o                10
    ta_ecran.o               1'120       68      117
    ------------------------------------------------
    Total:                   1'144       68      117

dl7M_tln.a: [6]
    exit.o                       4
    heap0.o                    316                 8
    heaptramp0.o                 4
    xgetmemchunk.o              44                 4
    ------------------------------------------------
    Total:                     368                12

rt7M_tl.a: [7]
    ABImemclr4.o                 6
    ABImemcpy.o                166
    ABImemset.o                102
    ABImemset48.o               50
    XXexit.o                    12
    cexit.o                     10
    cmain.o                     30
    cstartup_M.o                28
    data_init.o                 40
    lz77_init_single.o         126
    zero_init3.o                56
    ------------------------------------------------
    Total:                     626

    Gaps                        12
    Linker created                       32    4'096
----------------------------------------------------
    Grand Total:            13'124    1'060    9'789


*******************************************************************************
*** ENTRY LIST
***

Entry                       Address   Size  Type      Object
-----                       -------   ----  ----      ------
.iar.init_table$$Base    0x800'32b8          --   Gb  - Linker created -
.iar.init_table$$Limit   0x800'32d8          --   Gb  - Linker created -
?main                    0x800'32d9         Code  Gb  cmain.o [7]
ADC1_2_IRQHandler        0x800'33f1         Code  Wk  startup_stm32f103xb.o [2]
Aldata                  0x2000'1580    0x8  Data  Lc  heap0.o [6]
BusFault_Handler         0x800'339d         Code  Wk  startup_stm32f103xb.o [2]
CAN1_RX1_IRQHandler      0x800'33fd         Code  Wk  startup_stm32f103xb.o [2]
CAN1_SCE_IRQHandler      0x800'3401         Code  Wk  startup_stm32f103xb.o [2]
CSTACK$$Base            0x2000'1640          --   Gb  - Linker created -
CSTACK$$Limit           0x2000'1e40          --   Gb  - Linker created -
DMA1_Channel1_IRQHandler
                         0x800'33d5         Code  Wk  startup_stm32f103xb.o [2]
DMA1_Channel2_IRQHandler
                         0x800'33d9         Code  Wk  startup_stm32f103xb.o [2]
DMA1_Channel3_IRQHandler
                         0x800'33dd         Code  Wk  startup_stm32f103xb.o [2]
DMA1_Channel4_IRQHandler
                         0x800'33e1         Code  Wk  startup_stm32f103xb.o [2]
DMA1_Channel5_IRQHandler
                         0x800'33e5         Code  Wk  startup_stm32f103xb.o [2]
DMA1_Channel6_IRQHandler
                         0x800'33e9         Code  Wk  startup_stm32f103xb.o [2]
DMA1_Channel7_IRQHandler
                         0x800'33ed         Code  Wk  startup_stm32f103xb.o [2]
DebugMon_Handler         0x800'33a5         Code  Wk  startup_stm32f103xb.o [2]
EXTI0_IRQHandler         0x800'33c1         Code  Wk  startup_stm32f103xb.o [2]
EXTI15_10_IRQHandler     0x800'3449         Code  Wk  startup_stm32f103xb.o [2]
EXTI1_IRQHandler         0x800'33c5         Code  Wk  startup_stm32f103xb.o [2]
EXTI2_IRQHandler         0x800'33c9         Code  Wk  startup_stm32f103xb.o [2]
EXTI3_IRQHandler         0x800'33cd         Code  Wk  startup_stm32f103xb.o [2]
EXTI4_IRQHandler         0x800'33d1         Code  Wk  startup_stm32f103xb.o [2]
EXTI9_5_IRQHandler       0x800'3405         Code  Wk  startup_stm32f103xb.o [2]
FLASH_IRQHandler         0x800'33b9         Code  Wk  startup_stm32f103xb.o [2]
HEAP$$Base              0x2000'1e40          --   Gb  - Linker created -
HEAP$$Limit             0x2000'2640          --   Gb  - Linker created -
HardFault_Handler        0x800'3395         Code  Wk  startup_stm32f103xb.o [2]
I2C1_ER_IRQHandler       0x800'3429         Code  Wk  startup_stm32f103xb.o [2]
I2C1_EV_IRQHandler       0x800'3425         Code  Wk  startup_stm32f103xb.o [2]
I2C2_ER_IRQHandler       0x800'3431         Code  Wk  startup_stm32f103xb.o [2]
I2C2_EV_IRQHandler       0x800'342d         Code  Wk  startup_stm32f103xb.o [2]
MemManage_Handler        0x800'3399         Code  Wk  startup_stm32f103xb.o [2]
NMI_Handler              0x800'3391         Code  Wk  startup_stm32f103xb.o [2]
PVD_IRQHandler           0x800'33ad         Code  Wk  startup_stm32f103xb.o [2]
PendSV_Handler           0x800'134d         Code  Gb  portasm.o [3]
RCC_IRQHandler           0x800'33bd         Code  Wk  startup_stm32f103xb.o [2]
RTC_Alarm_IRQHandler     0x800'344d         Code  Wk  startup_stm32f103xb.o [2]
RTC_IRQHandler           0x800'33b5         Code  Wk  startup_stm32f103xb.o [2]
Region$$Table$$Base      0x800'32b8          --   Gb  - Linker created -
Region$$Table$$Limit     0x800'32d8          --   Gb  - Linker created -
Reset_Handler            0x800'3331         Code  Wk  startup_stm32f103xb.o [2]
SPI1_IRQHandler          0x800'3435         Code  Wk  startup_stm32f103xb.o [2]
SPI2_IRQHandler          0x800'3439         Code  Wk  startup_stm32f103xb.o [2]
SVC_Handler              0x800'1393         Code  Gb  portasm.o [3]
SysTick_Handler          0x800'0d9f   0x28  Code  Gb  port.o [3]
SystemInit               0x800'3201   0x3e  Code  Gb  system_stm32f1xx.o [2]
TAMPER_IRQHandler        0x800'33b1         Code  Wk  startup_stm32f103xb.o [2]
TIM1_BRK_IRQHandler      0x800'3409         Code  Wk  startup_stm32f103xb.o [2]
TIM1_CC_IRQHandler       0x800'3415         Code  Wk  startup_stm32f103xb.o [2]
TIM1_TRG_COM_IRQHandler
                         0x800'3411         Code  Wk  startup_stm32f103xb.o [2]
TIM1_UP_IRQHandler       0x800'340d         Code  Wk  startup_stm32f103xb.o [2]
TIM2_IRQHandler          0x800'3419         Code  Wk  startup_stm32f103xb.o [2]
TIM3_IRQHandler          0x800'341d         Code  Wk  startup_stm32f103xb.o [2]
TIM4_IRQHandler          0x800'3421         Code  Wk  startup_stm32f103xb.o [2]
USART1_IRQHandler        0x800'343d         Code  Wk  startup_stm32f103xb.o [2]
USART2_IRQHandler        0x800'3441         Code  Wk  startup_stm32f103xb.o [2]
USART3_IRQHandler        0x800'3445         Code  Wk  startup_stm32f103xb.o [2]
USBWakeUp_IRQHandler     0x800'3451         Code  Wk  startup_stm32f103xb.o [2]
USB_HP_CAN1_TX_IRQHandler
                         0x800'33f5         Code  Wk  startup_stm32f103xb.o [2]
USB_LP_CAN1_RX0_IRQHandler
                         0x800'33f9         Code  Wk  startup_stm32f103xb.o [2]
UsageFault_Handler       0x800'33a1         Code  Wk  startup_stm32f103xb.o [2]
WWDG_IRQHandler          0x800'33a9         Code  Wk  startup_stm32f103xb.o [2]
__aeabi_memclr4          0x800'1815         Code  Gb  ABImemclr4.o [7]
__aeabi_memcpy           0x800'1849         Code  Gb  ABImemcpy.o [7]
__aeabi_memcpy4          0x800'1869         Code  Gb  ABImemcpy.o [7]
__aeabi_memcpy8          0x800'1869         Code  Gb  ABImemcpy.o [7]
__aeabi_memset           0x800'0bfd         Code  Gb  ABImemset.o [7]
__basic_free             0x800'1291   0x16  Code  Gb  heap0.o [6]
__basic_free_intern      0x800'12a7   0x74  Code  Lc  heap0.o [6]
__basic_malloc           0x800'11e5   0x18  Code  Gb  heap0.o [6]
__basic_malloc_intern    0x800'11fd   0x94  Code  Lc  heap0.o [6]
__cmain                  0x800'32d9         Code  Gb  cmain.o [7]
__data_GetMemChunk       0x800'181d   0x2c  Code  Gb  xgetmemchunk.o [6]
__data_GetMemChunk::start
                        0x2000'1630    0x4  Data  Lc  xgetmemchunk.o [6]
__exit                   0x800'3309         Code  Gb  XXexit.o [7]
__iar_Memset             0x800'0bfd         Code  Gb  ABImemset.o [7]
__iar_Memset4_word       0x800'18f1         Code  Gb  ABImemset48.o [7]
__iar_Memset8_word       0x800'18f1         Code  Gb  ABImemset48.o [7]
__iar_Memset_word        0x800'0c05         Code  Gb  ABImemset.o [7]
__iar_data_init3         0x800'3291   0x28  Code  Gb  data_init.o [7]
__iar_lz77_init_single3
                         0x800'0c93   0x7e  Code  Gb  lz77_init_single.o [7]
__iar_program_start      0x800'3315         Code  Gb  cstartup_M.o [7]
__iar_zero_init3         0x800'3259   0x38  Code  Gb  zero_init3.o [7]
__vector_table           0x800'0000         Data  Gb  startup_stm32f103xb.o [2]
_call_main               0x800'32e5         Code  Gb  cmain.o [7]
_exit                    0x800'32fd         Code  Gb  cexit.o [7]
ar_log                  0x2000'04dc  0x500  Data  Gb  common.o [1]
ar_nclr                  0x800'3358    0x8  Data  Gb  fn_ecran.o [4]
ar_reg                  0x2000'107c  0x100  Data  Gb  common.o [1]
ar_sclr                  0x800'3360    0x8  Data  Gb  fn_ecran.o [4]
arc_draw                 0x800'1bd9  0x194  Code  Gb  fn_ecran.o [4]
arrow_drw                0x800'1ec7  0x362  Code  Gb  fn_ecran.o [4]
cpn_ang                 0x2000'1638    0x2  Data  Gb  ta_ecran.o [5]
cpp_ang                 0x2000'163a    0x2  Data  Gb  ta_ecran.o [5]
delay                    0x800'22d5    0xc  Code  Gb  common.o [1]
draw_symbol              0x800'1abd   0xc2  Code  Gb  fn_ecran.o [4]
ec_data                  0x800'24d1  0x1f8  Code  Gb  ta_ecran.o [5]
ec_first                 0x800'2321  0x1b0  Code  Gb  ta_ecran.o [5]
ecr_arr                 0x2000'09dc  0x2a0  Data  Gb  fn_ecran.o [4]
ecran_black              0x800'1a5f   0x5e  Code  Gb  fn_ecran.o [4]
ecran_com                0x800'1925   0x50  Code  Gb  fn_ecran.o [4]
ecran_dat                0x800'1975   0x48  Code  Gb  fn_ecran.o [4]
el_buf                  0x2000'1568   0x18  Data  Gb  fn_ecran.o [4]
eline_text              0x2000'046c   0x6c  Data  Lc  ta_ecran.o [5]
event_log                0x800'224d   0x7c  Code  Gb  common.o [1]
exit                     0x800'32f7    0x4  Code  Gb  exit.o [6]
font_5x7                0x2000'0000  0x468  Data  Gb  fn_ecran.o [4]
free                     0x800'1321    0x4  Code  Gb  heaptramp0.o [6]
init_clk                 0x800'2c6b   0xb8  Code  Gb  init.o [1]
init_dma                 0x800'2d23   0x52  Code  Gb  init.o [1]
init_ecran               0x800'19bd   0xa2  Code  Gb  fn_ecran.o [4]
init_gpio                0x800'2bdd   0x8e  Code  Gb  init.o [1]
init_i2c1                0x800'2741   0x78  Code  Gb  interface.o [1]
init_spi2                0x800'27b9   0x70  Code  Gb  interface.o [1]
init_uart1               0x800'2829   0x74  Code  Gb  interface.o [1]
init_uart2               0x800'289d   0x7a  Code  Gb  interface.o [1]
init_variable            0x800'2b29   0xb4  Code  Gb  init.o [1]
l_cnt                   0x2000'15dc    0x4  Data  Gb  ta_ecran.o [5]
l_flip                  0x2000'163c    0x1  Data  Gb  ta_ecran.o [5]
led_sig                  0x800'26c9   0x40  Code  Gb  ta_ecran.o [5]
main                     0x800'3199   0x68  Code  Gb  main.o [1]
p_a0                    0x2000'1594    0x4  Data  Gb  common.o [1]
p_a1                    0x2000'1598    0x4  Data  Gb  common.o [1]
p_a2                    0x2000'159c    0x4  Data  Gb  common.o [1]
p_a3                    0x2000'15a0    0x4  Data  Gb  common.o [1]
p_a4                    0x2000'15a4    0x4  Data  Gb  common.o [1]
p_a5                    0x2000'15a8    0x4  Data  Gb  common.o [1]
p_b0                    0x2000'15ac    0x4  Data  Gb  common.o [1]
p_b1                    0x2000'15b0    0x4  Data  Gb  common.o [1]
p_b2                    0x2000'15b4    0x4  Data  Gb  common.o [1]
p_b3                    0x2000'15b8    0x4  Data  Gb  common.o [1]
p_b4                    0x2000'15bc    0x4  Data  Gb  common.o [1]
p_b5                    0x2000'15c0    0x4  Data  Gb  common.o [1]
p_c0                    0x2000'15c4    0x4  Data  Gb  common.o [1]
p_c1                    0x2000'15c8    0x4  Data  Gb  common.o [1]
p_c2                    0x2000'15cc    0x4  Data  Gb  common.o [1]
p_c3                    0x2000'15d0    0x4  Data  Gb  common.o [1]
p_c4                    0x2000'15d4    0x4  Data  Gb  common.o [1]
p_c5                    0x2000'15d8    0x4  Data  Gb  common.o [1]
p_compa                 0x2000'1590    0x4  Data  Gb  common.o [1]
p_status                0x2000'158c    0x4  Data  Gb  common.o [1]
p_ufdate                0x2000'1588    0x4  Data  Gb  common.o [1]
point_draw               0x800'1b7f   0x5a  Code  Gb  fn_ecran.o [4]
prvAddCurrentTaskToDelayedList
                         0x800'0af1   0xa2  Code  Lc  tasks.o [3]
prvAddNewTaskToReadyList
                         0x800'02e9   0xbc  Code  Lc  tasks.o [3]
prvCheckForValidListAndQueue
                         0x800'10f7   0x3e  Code  Lc  timers.o [3]
prvCheckForValidListAndQueue{1}{2}{3}{4}::ucStaticTimerQueueStorage
                        0x2000'117c   0xa0  Data  Lc  timers.o [3]
prvCheckForValidListAndQueue{1}{2}{3}{4}::xStaticTimerQueue
                        0x2000'12a8   0x5c  Data  Lc  timers.o [3]
prvCheckTasksWaitingTermination
                         0x800'0a3d   0x3e  Code  Lc  tasks.o [3]
prvCopyDataFromQueue     0x800'1691   0x36  Code  Lc  queue.o [3]
prvCopyDataToQueue       0x800'1609   0x88  Code  Lc  queue.o [3]
prvCreateIdleTasks       0x800'03a5   0x84  Code  Lc  tasks.o [3]
prvCreateStaticTask      0x800'00ed   0x60  Code  Lc  tasks.o [3]
prvCreateTask            0x800'018f   0x72  Code  Lc  tasks.o [3]
prvDeleteTCB             0x800'0a81   0x2a  Code  Lc  tasks.o [3]
prvGetNextExpireTime     0x800'0f25   0x26  Code  Lc  timers.o [3]
prvIdleTask              0x800'09bd   0x26  Code  Lc  tasks.o [3]
prvInitialiseNewQueue    0x800'14c3   0x38  Code  Lc  queue.o [3]
prvInitialiseNewTask     0x800'0239   0xb0  Code  Lc  tasks.o [3]
prvInitialiseTaskLists   0x800'09e3   0x56  Code  Lc  tasks.o [3]
prvInsertTimerInActiveList
                         0x800'0f71   0x50  Code  Lc  timers.o [3]
prvIsQueueEmpty          0x800'174f   0x1c  Code  Lc  queue.o [3]
prvNotifyQueueSetContainer
                         0x800'17b7   0x5c  Code  Lc  queue.o [3]
prvProcessExpiredTimer   0x800'0e5d   0x3e  Code  Lc  timers.o [3]
prvProcessReceivedCommands
                         0x800'0fc1  0x10a  Code  Lc  timers.o [3]
prvProcessTimerOrBlockTask
                         0x800'0eb7   0x6e  Code  Lc  timers.o [3]
prvReloadTimer           0x800'0e35   0x28  Code  Lc  timers.o [3]
prvResetNextTaskUnblockTime
                         0x800'0aab   0x22  Code  Lc  tasks.o [3]
prvSampleTimeNow         0x800'0f4b   0x26  Code  Lc  timers.o [3]
prvSampleTimeNow::xLastTime
                        0x2000'162c    0x4  Data  Lc  timers.o [3]
prvSwitchTimerLists      0x800'10cb   0x2c  Code  Lc  timers.o [3]
prvTaskExitError         0x800'0d31   0x10  Code  Lc  port.o [3]
prvTimerTask             0x800'0e9d   0x1a  Code  Lc  timers.o [3]
prvUnlockQueue           0x800'16c7   0x88  Code  Lc  queue.o [3]
pvPortMalloc             0x800'0c63   0x18  Code  Gb  heap_3.o [3]
pxCurrentTCB            0x2000'15e0    0x4  Data  Gb  tasks.o [3]
pxCurrentTimerList      0x2000'161c    0x4  Data  Lc  timers.o [3]
pxDelayedTaskList       0x2000'15e4    0x4  Data  Lc  tasks.o [3]
pxOverflowDelayedTaskList
                        0x2000'15e8    0x4  Data  Lc  tasks.o [3]
pxOverflowTimerList     0x2000'1620    0x4  Data  Lc  timers.o [3]
pxPortInitialiseStack    0x800'0d11   0x20  Code  Gb  port.o [3]
pxReadyTasksLists       0x2000'121c   0x8c  Data  Lc  tasks.o [3]
radius_point             0x800'1d6d  0x15a  Code  Gb  fn_ecran.o [4]
rbuf                    0x2000'13a4   0x40  Data  Gb  fn_contact.o [4]
roca_init                0x800'2af5   0x34  Code  Gb  init.o [1]
sbuf                    0x2000'13e4   0x40  Data  Gb  fn_contact.o [4]
sinus_ang                0x800'30e0   0xb8  Data  Gb  fn_ecran.o [4]
sn_log                  0x2000'1634    0x2  Data  Gb  common.o [1]
ta_compa                 0x800'3341    0xe  Code  Gb  ta_compa.o [5]
ta_contact               0x800'334f    0xa  Code  Gb  ta_contact.o [5]
ta_ecran                 0x800'22e1   0x40  Code  Gb  ta_ecran.o [5]
u2rb                    0x2000'1464   0x40  Data  Gb  interface.o [1]
u2sb                    0x2000'1424   0x40  Data  Gb  interface.o [1]
ua_work                  0x800'2e21  0x2c0  Code  Gb  fn_contact.o [4]
uart2_rcv                0x800'2983  0x108  Code  Gb  interface.o [1]
uart2_snd                0x800'2917   0x6c  Code  Gb  interface.o [1]
ur2w_count              0x2000'1636    0x2  Data  Gb  interface.o [1]
uxCriticalNesting       0x2000'0468    0x4  Data  Lc  port.o [3]
uxCurrentNumberOfTasks  0x2000'15f0    0x4  Data  Lc  tasks.o [3]
uxDeletedTasksWaitingCleanUp
                        0x2000'15ec    0x4  Data  Lc  tasks.o [3]
uxListRemove             0x800'11bd   0x28  Code  Gb  list.o [3]
uxSchedulerSuspended    0x2000'1618    0x4  Data  Lc  tasks.o [3]
uxTaskGetNumberOfTasks   0x800'05cb    0x6  Code  Gb  tasks.o [3]
uxTaskNumber            0x2000'160c    0x4  Data  Lc  tasks.o [3]
uxTopReadyPriority      0x2000'15f8    0x4  Data  Lc  tasks.o [3]
uxTopUsedPriority       0x2000'04d8    0x4  Data  Lc  tasks.o [3]
vApplicationGetIdleTaskMemory
                         0x800'0b93    0xe  Code  Gb  tasks.o [3]
vApplicationGetIdleTaskMemory::uxIdleTaskStack
                        0x2000'0c7c  0x200  Data  Lc  tasks.o [3]
vApplicationGetIdleTaskMemory::xIdleTaskTCB
                        0x2000'1304   0x50  Data  Lc  tasks.o [3]
vApplicationGetTimerTaskMemory
                         0x800'0ba1    0xe  Code  Gb  tasks.o [3]
vApplicationGetTimerTaskMemory::uxTimerTaskStack
                        0x2000'0e7c  0x200  Data  Lc  tasks.o [3]
vApplicationGetTimerTaskMemory::xTimerTaskTCB
                        0x2000'1354   0x50  Data  Lc  tasks.o [3]
vListInitialise          0x800'1161   0x26  Code  Gb  list.o [3]
vListInsert              0x800'1187   0x36  Code  Gb  list.o [3]
vPortEnterCritical       0x800'0d71   0x18  Code  Gb  port.o [3]
vPortExitCritical        0x800'0d89   0x16  Code  Gb  port.o [3]
vPortFree                0x800'0c7b   0x18  Code  Gb  heap_3.o [3]
vPortSetupTimerInterrupt
                         0x800'1325   0x28  Code  Wk  port.o [3]
vPortStartFirstTask      0x800'13b3         Code  Gb  portasm.o [3]
vQueueWaitForMessageRestricted
                         0x800'176b   0x4c  Code  Gb  queue.o [3]
vTaskInternalSetTimeOutState
                         0x800'0919   0x12  Code  Gb  tasks.o [3]
vTaskMissedYield         0x800'09b1    0xa  Code  Gb  tasks.o [3]
vTaskPlaceOnEventList    0x800'07c3   0x20  Code  Gb  tasks.o [3]
vTaskPlaceOnEventListRestricted
                         0x800'07f1   0x44  Code  Gb  tasks.o [3]
vTaskStartScheduler      0x800'0429   0x4e  Code  Gb  tasks.o [3]
vTaskSuspendAll          0x800'0477    0xc  Code  Gb  tasks.o [3]
vTaskSwitchContext       0x800'075d   0x66  Code  Gb  tasks.o [3]
xActiveTimerList1       0x2000'1530   0x1c  Data  Lc  timers.o [3]
xActiveTimerList2       0x2000'154c   0x1c  Data  Lc  timers.o [3]
xDelayedTaskList1       0x2000'14a4   0x1c  Data  Lc  tasks.o [3]
xDelayedTaskList2       0x2000'14c0   0x1c  Data  Lc  tasks.o [3]
xIdleTaskHandles        0x2000'1614    0x4  Data  Lc  tasks.o [3]
xNextTaskUnblockTime    0x2000'1610    0x4  Data  Lc  tasks.o [3]
xNumOfOverflows         0x2000'1608    0x4  Data  Lc  tasks.o [3]
xPendedTicks            0x2000'1600    0x4  Data  Lc  tasks.o [3]
xPendingReadyList       0x2000'14dc   0x1c  Data  Lc  tasks.o [3]
xPortStartScheduler      0x800'0d41   0x30  Code  Gb  port.o [3]
xQueueGenericCreateStatic
                         0x800'1477   0x4c  Code  Gb  queue.o [3]
xQueueGenericReset       0x800'13d5   0xa2  Code  Gb  queue.o [3]
xQueueReceive            0x800'14fb  0x108  Code  Gb  queue.o [3]
xSchedulerRunning       0x2000'15fc    0x4  Data  Lc  tasks.o [3]
xSuspendedTaskList      0x2000'1514   0x1c  Data  Lc  tasks.o [3]
xTaskCheckForTimeOut     0x800'092b   0x86  Code  Gb  tasks.o [3]
xTaskCreate              0x800'0201   0x38  Code  Gb  tasks.o [3]
xTaskCreateStatic        0x800'014d   0x42  Code  Gb  tasks.o [3]
xTaskGetTickCount        0x800'05c3    0x8  Code  Gb  tasks.o [3]
xTaskIncrementTick       0x800'05e9  0x16c  Code  Gb  tasks.o [3]
xTaskRemoveFromEventList
                         0x800'0835   0xe4  Code  Gb  tasks.o [3]
xTaskResumeAll           0x800'0483  0x140  Code  Gb  tasks.o [3]
xTasksWaitingTermination
                        0x2000'14f8   0x1c  Data  Lc  tasks.o [3]
xTickCount              0x2000'15f4    0x4  Data  Lc  tasks.o [3]
xTimerCreateTimerTask    0x800'0ddd   0x58  Code  Gb  timers.o [3]
xTimerQueue             0x2000'1624    0x4  Data  Lc  timers.o [3]
xTimerTaskHandle        0x2000'1628    0x4  Data  Lc  timers.o [3]
xYieldPendings          0x2000'1604    0x4  Data  Lc  tasks.o [3]


[1] = C:\lesson\roca\Release\Obj
[2] = C:\lesson\roca\Release\Obj\CMSIS_13545061835669826545.dir
[3] = C:\lesson\roca\Release\Obj\FreeRTOS_1129108015262781380.dir
[4] = C:\lesson\roca\Release\Obj\Function_2001575203525341444.dir
[5] = C:\lesson\roca\Release\Obj\Task_2582146873539655353.dir
[6] = dl7M_tln.a
[7] = rt7M_tl.a

  13'124 bytes of readonly  code memory
   1'060 bytes of readonly  data memory
   9'789 bytes of readwrite data memory

Errors: none
Warnings: none
