###############################################################################
#
# IAR ELF Linker V9.40.1.364/W64 for ARM                  14/Oct/2025  11:38:15
# Copyright 2007-2023 IAR Systems AB.
#
#    Output file  =  C:\lesson\roca\Debug\Exe\roca.out
#    Map file     =  C:\lesson\roca\Debug\List\roca.map
#    Command line =
#        -f C:\lesson\roca\Debug\Exe\roca.out.rsp
#        (C:\lesson\roca\Debug\Obj\interface.o C:\lesson\roca\Debug\Obj\main.o
#        C:\lesson\roca\Debug\Obj\master.o C:\lesson\roca\Debug\Obj\start.o
#        C:\lesson\roca\Debug\Obj\CMSIS_13545061835669826545.dir\startup_stm32f103xb.o
#        C:\lesson\roca\Debug\Obj\CMSIS_13545061835669826545.dir\system_stm32f1xx.o
#        --no_out_extension -o C:\lesson\roca\Debug\Exe\roca.out --map
#        C:\lesson\roca\Debug\List\roca.map --config "C:\Program Files\IAR
#        Systems\Embedded Workbench 9.2\arm/config/linker/ST/stm32f103x8.icf"
#        --semihosting --entry __iar_program_start --vfe --text_out locale
#        --cpu=Cortex-M3 --fpu=None) --dependencies=n
#        C:\lesson\roca\Debug\Exe\roca.out.iar_deps
#
###############################################################################

*******************************************************************************
*** RUNTIME MODEL ATTRIBUTES
***

CppFlavor       = *
__CPP_Runtime   = 1
__SystemLibrary = DLib
__dlib_version  = 6


*******************************************************************************
*** HEAP SELECTION
***

The basic heap was selected because --advanced_heap
was not specified and the application did not appear to
be primarily optimized for speed.


*******************************************************************************
*** PLACEMENT SUMMARY
***

"A0":  place at address 0x800'0000 { ro section .intvec };
"P1":  place in [from 0x800'0000 to 0x800'ffff] { ro };
define block CSTACK with size = 2K, alignment = 8 { };
define block HEAP with size = 2K, alignment = 8 { };
"P2":  place in [from 0x2000'0000 to 0x2000'4fff] {
          rw, block CSTACK, block HEAP };
initialize by copy { rw };

  Section            Kind         Address   Size  Object
  -------            ----         -------   ----  ------
"A0":                                       0xec
  .intvec            ro code   0x800'0000   0xec  startup_stm32f103xb.o [2]
                             - 0x800'00ec   0xec

"P1":                                      0x392
  .text              ro code   0x800'00ec   0xb8  master.o [1]
  .text              ro code   0x800'01a4   0x88  interface.o [1]
  .text              ro code   0x800'022c   0x58  system_stm32f1xx.o [2]
  .text              ro code   0x800'0284   0x3a  packbits_init_single.o [4]
  .text              ro code   0x800'02c0   0x28  data_init.o [4]
  .text              ro code   0x800'02e8   0x24  main.o [1]
  .text              ro code   0x800'030c   0x18  start.o [1]
  .iar.init_table    const     0x800'0324   0x10  - Linker created -
  .text              ro code   0x800'0334   0x1e  cmain.o [4]
  .text              ro code   0x800'0352    0x4  low_level_init.o [3]
  .text              ro code   0x800'0356    0x4  exit.o [3]
  .text              ro code   0x800'035c    0xa  cexit.o [4]
  .text              ro code   0x800'0368   0x14  exit.o [5]
  .text              ro code   0x800'037c   0x1c  cstartup_M.o [4]
  .text              ro code   0x800'0398   0x10  startup_stm32f103xb.o [2]
  .text              ro code   0x800'03a8    0x4  startup_stm32f103xb.o [2]
  .text              ro code   0x800'03ac    0x4  startup_stm32f103xb.o [2]
  .text              ro code   0x800'03b0    0x4  startup_stm32f103xb.o [2]
  .text              ro code   0x800'03b4    0x4  startup_stm32f103xb.o [2]
  .text              ro code   0x800'03b8    0x4  startup_stm32f103xb.o [2]
  .text              ro code   0x800'03bc    0x4  startup_stm32f103xb.o [2]
  .text              ro code   0x800'03c0    0x4  startup_stm32f103xb.o [2]
  .text              ro code   0x800'03c4    0x4  startup_stm32f103xb.o [2]
  .text              ro code   0x800'03c8    0x4  startup_stm32f103xb.o [2]
  .text              ro code   0x800'03cc    0x4  startup_stm32f103xb.o [2]
  .text              ro code   0x800'03d0    0x4  startup_stm32f103xb.o [2]
  .text              ro code   0x800'03d4    0x4  startup_stm32f103xb.o [2]
  .text              ro code   0x800'03d8    0x4  startup_stm32f103xb.o [2]
  .text              ro code   0x800'03dc    0x4  startup_stm32f103xb.o [2]
  .text              ro code   0x800'03e0    0x4  startup_stm32f103xb.o [2]
  .text              ro code   0x800'03e4    0x4  startup_stm32f103xb.o [2]
  .text              ro code   0x800'03e8    0x4  startup_stm32f103xb.o [2]
  .text              ro code   0x800'03ec    0x4  startup_stm32f103xb.o [2]
  .text              ro code   0x800'03f0    0x4  startup_stm32f103xb.o [2]
  .text              ro code   0x800'03f4    0x4  startup_stm32f103xb.o [2]
  .text              ro code   0x800'03f8    0x4  startup_stm32f103xb.o [2]
  .text              ro code   0x800'03fc    0x4  startup_stm32f103xb.o [2]
  .text              ro code   0x800'0400    0x4  startup_stm32f103xb.o [2]
  .text              ro code   0x800'0404    0x4  startup_stm32f103xb.o [2]
  .text              ro code   0x800'0408    0x4  startup_stm32f103xb.o [2]
  .text              ro code   0x800'040c    0x4  startup_stm32f103xb.o [2]
  .text              ro code   0x800'0410    0x4  startup_stm32f103xb.o [2]
  .text              ro code   0x800'0414    0x4  startup_stm32f103xb.o [2]
  .text              ro code   0x800'0418    0x4  startup_stm32f103xb.o [2]
  .text              ro code   0x800'041c    0x4  startup_stm32f103xb.o [2]
  .text              ro code   0x800'0420    0x4  startup_stm32f103xb.o [2]
  .text              ro code   0x800'0424    0x4  startup_stm32f103xb.o [2]
  .text              ro code   0x800'0428    0x4  startup_stm32f103xb.o [2]
  .text              ro code   0x800'042c    0x4  startup_stm32f103xb.o [2]
  .text              ro code   0x800'0430    0x4  startup_stm32f103xb.o [2]
  .text              ro code   0x800'0434    0x4  startup_stm32f103xb.o [2]
  .text              ro code   0x800'0438    0x4  startup_stm32f103xb.o [2]
  .text              ro code   0x800'043c    0x4  startup_stm32f103xb.o [2]
  .text              ro code   0x800'0440    0x4  startup_stm32f103xb.o [2]
  .text              ro code   0x800'0444    0x4  startup_stm32f103xb.o [2]
  .text              ro code   0x800'0448    0x4  startup_stm32f103xb.o [2]
  .text              ro code   0x800'044c    0x4  startup_stm32f103xb.o [2]
  .text              ro code   0x800'0450    0x4  startup_stm32f103xb.o [2]
  .text              ro code   0x800'0454    0x4  startup_stm32f103xb.o [2]
  .text              ro code   0x800'0458    0x4  startup_stm32f103xb.o [2]
  .text              ro code   0x800'045c    0x4  startup_stm32f103xb.o [2]
  .text              ro code   0x800'0460    0x4  startup_stm32f103xb.o [2]
  .text              ro code   0x800'0464    0x4  startup_stm32f103xb.o [2]
  .text              ro code   0x800'0468    0x4  startup_stm32f103xb.o [2]
  .text              ro code   0x800'046c    0x4  startup_stm32f103xb.o [2]
  .text              ro code   0x800'0470    0x4  startup_stm32f103xb.o [2]
  .text              ro code   0x800'0474    0x4  startup_stm32f103xb.o [2]
  .rodata            const     0x800'0478    0x0  packbits_init_single.o [4]
  Initializer bytes  const     0x800'0478    0x6  <for P2-1>
                             - 0x800'047e  0x392

"P2", part 1 of 2:                          0x47
  P2-1                        0x2000'0000   0x47  <Init block>
    .bss             inited   0x2000'0000    0x4  main.o [1]
    .bss             inited   0x2000'0004   0x40  master.o [1]
    .data            inited   0x2000'0044    0x1  main.o [1]
    .bss             inited   0x2000'0045    0x1  master.o [1]
    .bss             inited   0x2000'0046    0x1  start.o [1]
                            - 0x2000'0047   0x47

"P2", part 2 of 2:                         0x800
  CSTACK                      0x2000'0048  0x800  <Block>
    CSTACK           uninit   0x2000'0048  0x800  <Block tail>
                            - 0x2000'0848  0x800

Unused ranges:

         From           To    Size
         ----           --    ----
   0x800'047e   0x800'ffff  0xfb82
  0x2000'0047  0x2000'0047     0x1
  0x2000'0848  0x2000'4fff  0x47b8


*******************************************************************************
*** INIT TABLE
***

          Address      Size
          -------      ----
Copy/packbits (__iar_packbits_init_single3)
    1 source range, total size 0x6 (8% of destination):
           0x800'0478   0x6
    1 destination range, total size 0x47:
          0x2000'0000  0x47



*******************************************************************************
*** MODULE SUMMARY
***

    Module                  ro code  ro data  rw data
    ------                  -------  -------  -------
command line/config:
    -------------------------------------------------
    Total:

C:\lesson\roca\Debug\Obj: [1]
    interface.o                 136
    main.o                       36                 5
    master.o                    184        5       65
    start.o                      24        1        1
    -------------------------------------------------
    Total:                      380        6       71

C:\lesson\roca\Debug\Obj\CMSIS_13545061835669826545.dir: [2]
    startup_stm32f103xb.o       460
    system_stm32f1xx.o           88
    -------------------------------------------------
    Total:                      548

dl7M_tln.a: [3]
    exit.o                        4
    low_level_init.o              4
    -------------------------------------------------
    Total:                        8

rt7M_tl.a: [4]
    cexit.o                      10
    cmain.o                      30
    cstartup_M.o                 28
    data_init.o                  40
    packbits_init_single.o       58
    -------------------------------------------------
    Total:                      166

shb_l.a: [5]
    exit.o                       20
    -------------------------------------------------
    Total:                       20

    Gaps                          6
    Linker created                        16    2'048
-----------------------------------------------------
    Grand Total:              1'128       22    2'119


*******************************************************************************
*** ENTRY LIST
***

Entry                       Address  Size  Type      Object
-----                       -------  ----  ----      ------
.iar.init_table$$Base    0x800'0324         --   Gb  - Linker created -
.iar.init_table$$Limit   0x800'0334         --   Gb  - Linker created -
?main                    0x800'0335        Code  Gb  cmain.o [4]
ADC1_2_IRQHandler        0x800'0415        Code  Wk  startup_stm32f103xb.o [2]
BusFault_Handler         0x800'03b5        Code  Wk  startup_stm32f103xb.o [2]
CAN1_RX1_IRQHandler      0x800'0421        Code  Wk  startup_stm32f103xb.o [2]
CAN1_SCE_IRQHandler      0x800'0425        Code  Wk  startup_stm32f103xb.o [2]
CSTACK$$Base            0x2000'0048         --   Gb  - Linker created -
CSTACK$$Limit           0x2000'0848         --   Gb  - Linker created -
DMA1_Channel1_IRQHandler
                         0x800'03f9        Code  Wk  startup_stm32f103xb.o [2]
DMA1_Channel2_IRQHandler
                         0x800'03fd        Code  Wk  startup_stm32f103xb.o [2]
DMA1_Channel3_IRQHandler
                         0x800'0401        Code  Wk  startup_stm32f103xb.o [2]
DMA1_Channel4_IRQHandler
                         0x800'0405        Code  Wk  startup_stm32f103xb.o [2]
DMA1_Channel5_IRQHandler
                         0x800'0409        Code  Wk  startup_stm32f103xb.o [2]
DMA1_Channel6_IRQHandler
                         0x800'040d        Code  Wk  startup_stm32f103xb.o [2]
DMA1_Channel7_IRQHandler
                         0x800'0411        Code  Wk  startup_stm32f103xb.o [2]
DebugMon_Handler         0x800'03c1        Code  Wk  startup_stm32f103xb.o [2]
EXTI0_IRQHandler         0x800'03e5        Code  Wk  startup_stm32f103xb.o [2]
EXTI15_10_IRQHandler     0x800'046d        Code  Wk  startup_stm32f103xb.o [2]
EXTI1_IRQHandler         0x800'03e9        Code  Wk  startup_stm32f103xb.o [2]
EXTI2_IRQHandler         0x800'03ed        Code  Wk  startup_stm32f103xb.o [2]
EXTI3_IRQHandler         0x800'03f1        Code  Wk  startup_stm32f103xb.o [2]
EXTI4_IRQHandler         0x800'03f5        Code  Wk  startup_stm32f103xb.o [2]
EXTI9_5_IRQHandler       0x800'0429        Code  Wk  startup_stm32f103xb.o [2]
FLASH_IRQHandler         0x800'03dd        Code  Wk  startup_stm32f103xb.o [2]
HardFault_Handler        0x800'03ad        Code  Wk  startup_stm32f103xb.o [2]
I2C1_ER_IRQHandler       0x800'044d        Code  Wk  startup_stm32f103xb.o [2]
I2C1_EV_IRQHandler       0x800'0449        Code  Wk  startup_stm32f103xb.o [2]
I2C2_ER_IRQHandler       0x800'0455        Code  Wk  startup_stm32f103xb.o [2]
I2C2_EV_IRQHandler       0x800'0451        Code  Wk  startup_stm32f103xb.o [2]
MemManage_Handler        0x800'03b1        Code  Wk  startup_stm32f103xb.o [2]
NMI_Handler              0x800'03a9        Code  Wk  startup_stm32f103xb.o [2]
PVD_IRQHandler           0x800'03d1        Code  Wk  startup_stm32f103xb.o [2]
PendSV_Handler           0x800'03c5        Code  Wk  startup_stm32f103xb.o [2]
RCC_IRQHandler           0x800'03e1        Code  Wk  startup_stm32f103xb.o [2]
RTC_Alarm_IRQHandler     0x800'0471        Code  Wk  startup_stm32f103xb.o [2]
RTC_IRQHandler           0x800'03d9        Code  Wk  startup_stm32f103xb.o [2]
Region$$Table$$Base      0x800'0324         --   Gb  - Linker created -
Region$$Table$$Limit     0x800'0334         --   Gb  - Linker created -
Reset_Handler            0x800'0399        Code  Wk  startup_stm32f103xb.o [2]
SPI1_IRQHandler          0x800'0459        Code  Wk  startup_stm32f103xb.o [2]
SPI2_IRQHandler          0x800'045d        Code  Wk  startup_stm32f103xb.o [2]
SVC_Handler              0x800'03bd        Code  Wk  startup_stm32f103xb.o [2]
SysTick_Handler          0x800'03c9        Code  Wk  startup_stm32f103xb.o [2]
SystemInit               0x800'022d  0x3e  Code  Gb  system_stm32f1xx.o [2]
TAMPER_IRQHandler        0x800'03d5        Code  Wk  startup_stm32f103xb.o [2]
TIM1_BRK_IRQHandler      0x800'042d        Code  Wk  startup_stm32f103xb.o [2]
TIM1_CC_IRQHandler       0x800'0439        Code  Wk  startup_stm32f103xb.o [2]
TIM1_TRG_COM_IRQHandler
                         0x800'0435        Code  Wk  startup_stm32f103xb.o [2]
TIM1_UP_IRQHandler       0x800'0431        Code  Wk  startup_stm32f103xb.o [2]
TIM2_IRQHandler          0x800'043d        Code  Wk  startup_stm32f103xb.o [2]
TIM3_IRQHandler          0x800'0441        Code  Wk  startup_stm32f103xb.o [2]
TIM4_IRQHandler          0x800'0445        Code  Wk  startup_stm32f103xb.o [2]
USART1_IRQHandler        0x800'0461        Code  Wk  startup_stm32f103xb.o [2]
USART2_IRQHandler        0x800'0465        Code  Wk  startup_stm32f103xb.o [2]
USART3_IRQHandler        0x800'0469        Code  Wk  startup_stm32f103xb.o [2]
USBWakeUp_IRQHandler     0x800'0475        Code  Wk  startup_stm32f103xb.o [2]
USB_HP_CAN1_TX_IRQHandler
                         0x800'0419        Code  Wk  startup_stm32f103xb.o [2]
USB_LP_CAN1_RX0_IRQHandler
                         0x800'041d        Code  Wk  startup_stm32f103xb.o [2]
UsageFault_Handler       0x800'03b9        Code  Wk  startup_stm32f103xb.o [2]
WWDG_IRQHandler          0x800'03cd        Code  Wk  startup_stm32f103xb.o [2]
__cmain                  0x800'0335        Code  Gb  cmain.o [4]
__exit                   0x800'0369  0x14  Code  Gb  exit.o [5]
__iar_data_init3         0x800'02c1  0x28  Code  Gb  data_init.o [4]
__iar_packbits_init_single3
                         0x800'0285  0x3a  Code  Gb  packbits_init_single.o [4]
__iar_program_start      0x800'037d        Code  Gb  cstartup_M.o [4]
__low_level_init         0x800'0353   0x4  Code  Gb  low_level_init.o [3]
__vector_table           0x800'0000        Data  Gb  startup_stm32f103xb.o [2]
_call_main               0x800'0341        Code  Gb  cmain.o [4]
_exit                    0x800'035d        Code  Gb  cexit.o [4]
cold                    0x2000'0046   0x1  Data  Gb  start.o [1]
exit                     0x800'0357   0x4  Code  Gb  exit.o [3]
fn_num                  0x2000'0045   0x1  Data  Gb  master.o [1]
init_i2c1                0x800'01a5  0x88  Code  Gb  interface.o [1]
init_master              0x800'00ed  0x4a  Code  Gb  master.o [1]
main                     0x800'02e9  0x24  Code  Gb  main.o [1]
reset                   0x2000'0044   0x1  Data  Gb  main.o [1]
start                    0x800'030d  0x18  Code  Gb  start.o [1]
task_1                   0x800'0199   0x4  Code  Gb  master.o [1]
task_2                   0x800'019d   0x4  Code  Gb  master.o [1]
task_3                   0x800'01a1   0x4  Code  Gb  master.o [1]
task_arr                0x2000'0004  0x40  Data  Gb  master.o [1]
task_master              0x800'0137  0x56  Code  Gb  master.o [1]
task_ptr                0x2000'0000   0x4  Data  Gb  main.o [1]


[1] = C:\lesson\roca\Debug\Obj
[2] = C:\lesson\roca\Debug\Obj\CMSIS_13545061835669826545.dir
[3] = dl7M_tln.a
[4] = rt7M_tl.a
[5] = shb_l.a

  1'128 bytes of readonly  code memory
     22 bytes of readonly  data memory
  2'119 bytes of readwrite data memory

Errors: none
Warnings: none
